
> webpro_wms@1.0.0 test
> jest

  console.log
    Connected to the SQLite database.

      at Database.log (server.js:69:17)

  console.log
    Seeded default Admin user (admin / 1234)

      at Statement.log (server.js:139:25)

  console.log
    Migration: Updated old admin roles to manager.

      at Statement.log (server.js:191:31)

  console.log
    Migration: Updated old user roles to staff.

      at Statement.log (server.js:194:31)

  console.log
    Database is empty. Seeding from CSV...

      at Statement.log (server.js:204:25)

  console.log
    Database seeding completed with randomized stock amounts.

      at Statement.log (server.js:309:34)

node.exe : FAIL tests/api.test.js
At line:1 char:1
+ & "C:\Program Files\nodejs/node.exe" "C:\Program Files\nodejs/node_mo 
...
+ ~~~~~~~~~~~~~~~~~~~~~~~~~~~~~~~~~~~~~~~~~~~~~~~~~~~~~~~~~~~~~~~~~~~~~
    + CategoryInfo          : NotSpecified: (FAIL tests/api.test.js:Stri 
   ng) [], RemoteException
    + FullyQualifiedErrorId : NativeCommandError
 
  WMS API Endpoints
    Auth Endpoints
      √ should require authentication for protected APIs (21 ms)
      √ should login successfully with admin credentials (83 ms)
      √ should fail login with wrong credentials (72 ms)
    Products Endpoints
      √ should fetch all products when authenticated (5 ms)
      × should fail to add a product if missing required fields (8 ms)
    Stock Endpoints
      √ should fetch inventory overview when authenticated (6 ms)
    Logout
      √ should logout and destroy session (9 ms)

  ● WMS API Endpoints › Products Endpoints › should fail to add a 
product if missing required fields

    expect(received).toBe(expected) // Object.is equality

    Expected: "ชื่อสินค้าและราคาต้องระบุ"
    Received: "กรุณาใส่ชื่อสินค้า"

    [0m [90m 61 |[39m
     [90m 62 |[39m             
expect(res[33m.[39mstatusCode)[33m.[39mtoBe([35m400[39m)[33m;[39m
    [31m[1m>[22m[39m[90m 63 |[39m             expect(res[33m.[39m
body[33m.[39merror)[33m.[39mtoBe([32m'ชื่อสินค้าและราคาต้องระบุ'[39
m)[33m;[39m
     [90m    |[39m                                    
[31m[1m^[22m[39m
     [90m 64 |[39m         })[33m;[39m
     [90m 65 |[39m     })[33m;[39m
     [90m 66 |[39m[0m

      at Object.toBe (tests/api.test.js:63:36)

Test Suites: 1 failed, 1 total
Tests:       1 failed, 6 passed, 7 total
Snapshots:   0 total
Time:        2.419 s, estimated 3 s
Ran all test suites.
